CMD

C:\Users\Aluno BFD>git config --global user.name "Kelenvs"

C:\Users\Aluno BFD>git config --global user.email "kelenvs@gmail.com"

C:\Users\Aluno BFD>cd "C:\Users\Aluno BFD\Documents\ks"

C:\Users\Aluno BFD\Documents\ks>git clone https://github.com/Kelenvs/Softex.git
Cloning into 'Softex'...
warning: You appear to have cloned an empty repository.

C:\Users\Aluno BFD\Documents\ks>cd Softex

C:\Users\Aluno BFD\Documents\ks\Softex>git init
Reinitialized existing Git repository in C:/Users/Aluno BFD/Documents/ks/Softex/.git/

C:\Users\Aluno BFD\Documents\ks\Softex>git add .

C:\Users\Aluno BFD\Documents\ks\Softex>git commit -m "Primeiro commit"
On branch main

Initial commit

Untracked files:
  (use "git add <file>..." to include in what will be committed)
        CMD.txt

nothing added to commit but untracked files present (use "git add" to track)

C:\Users\Aluno BFD\Documents\ks\Softex>git status
On branch main

No commits yet

Changes to be committed:
  (use "git rm --cached <file>..." to unstage)
        new file:   CMD.txt


C:\Users\Aluno BFD\Documents\ks\Softex>git branch -M main

C:\Users\Aluno BFD\Documents\ks\Softex>git remote add origin https://github.com/Kelenvs/Softex.git
error: remote origin already exists.
